### job=612038 nodes=4 ntasks=80 nodelist=kura-1d.cnca,kura-2a.cnca,kura-2b.cnca,kura-2c.cnca start=2026-09-07T18:51:55-06:00
### code=pic lang=c lto=0 scaling=strong style=GEOMETRIC rep=0
### code=pic lang=c lto=1 scaling=strong style=GEOMETRIC rep=0
### code=pic lang=rust lto=0 scaling=strong style=GEOMETRIC rep=0
### code=pic lang=rust lto=1 scaling=strong style=GEOMETRIC rep=0
### code=pic lang=c lto=0 scaling=strong style=SINUSOIDAL rep=0
### code=pic lang=c lto=1 scaling=strong style=SINUSOIDAL rep=0
### code=pic lang=rust lto=0 scaling=strong style=SINUSOIDAL rep=0
### code=pic lang=rust lto=1 scaling=strong style=SINUSOIDAL rep=0
### code=pic lang=c lto=0 scaling=strong style=LINEAR rep=0
### code=pic lang=c lto=1 scaling=strong style=LINEAR rep=0
### code=pic lang=rust lto=0 scaling=strong style=LINEAR rep=0
### code=pic lang=rust lto=1 scaling=strong style=LINEAR rep=0
### code=pic lang=c lto=0 scaling=strong style=PATCH rep=0
### code=pic lang=c lto=1 scaling=strong style=PATCH rep=0
### code=pic lang=rust lto=0 scaling=strong style=PATCH rep=0
### code=pic lang=rust lto=1 scaling=strong style=PATCH rep=0
### code=pic lang=c lto=0 scaling=strong style=GEOMETRIC rep=1
### code=pic lang=c lto=1 scaling=strong style=GEOMETRIC rep=1
### code=pic lang=rust lto=0 scaling=strong style=GEOMETRIC rep=1
### code=pic lang=rust lto=1 scaling=strong style=GEOMETRIC rep=1
### code=pic lang=c lto=0 scaling=strong style=SINUSOIDAL rep=1
### code=pic lang=c lto=1 scaling=strong style=SINUSOIDAL rep=1
### code=pic lang=rust lto=0 scaling=strong style=SINUSOIDAL rep=1
### code=pic lang=rust lto=1 scaling=strong style=SINUSOIDAL rep=1
### code=pic lang=c lto=0 scaling=strong style=LINEAR rep=1
### code=pic lang=c lto=1 scaling=strong style=LINEAR rep=1
### code=pic lang=rust lto=0 scaling=strong style=LINEAR rep=1
### code=pic lang=rust lto=1 scaling=strong style=LINEAR rep=1
### code=pic lang=c lto=0 scaling=strong style=PATCH rep=1
### code=pic lang=c lto=1 scaling=strong style=PATCH rep=1
### code=pic lang=rust lto=0 scaling=strong style=PATCH rep=1
### code=pic lang=rust lto=1 scaling=strong style=PATCH rep=1
### code=pic lang=c lto=0 scaling=strong style=GEOMETRIC rep=2
### code=pic lang=c lto=1 scaling=strong style=GEOMETRIC rep=2
### code=pic lang=rust lto=0 scaling=strong style=GEOMETRIC rep=2
### code=pic lang=rust lto=1 scaling=strong style=GEOMETRIC rep=2
### code=pic lang=c lto=0 scaling=strong style=SINUSOIDAL rep=2
### code=pic lang=c lto=1 scaling=strong style=SINUSOIDAL rep=2
### code=pic lang=rust lto=0 scaling=strong style=SINUSOIDAL rep=2
### code=pic lang=rust lto=1 scaling=strong style=SINUSOIDAL rep=2
### code=pic lang=c lto=0 scaling=strong style=LINEAR rep=2
### code=pic lang=c lto=1 scaling=strong style=LINEAR rep=2
### code=pic lang=rust lto=0 scaling=strong style=LINEAR rep=2
### code=pic lang=rust lto=1 scaling=strong style=LINEAR rep=2
### code=pic lang=c lto=0 scaling=strong style=PATCH rep=2
### code=pic lang=c lto=1 scaling=strong style=PATCH rep=2
### code=pic lang=rust lto=0 scaling=strong style=PATCH rep=2
### code=pic lang=rust lto=1 scaling=strong style=PATCH rep=2
### code=pic lang=c lto=0 scaling=strong style=GEOMETRIC rep=3
### code=pic lang=c lto=1 scaling=strong style=GEOMETRIC rep=3
### code=pic lang=rust lto=0 scaling=strong style=GEOMETRIC rep=3
### code=pic lang=rust lto=1 scaling=strong style=GEOMETRIC rep=3
### code=pic lang=c lto=0 scaling=strong style=SINUSOIDAL rep=3
### code=pic lang=c lto=1 scaling=strong style=SINUSOIDAL rep=3
### code=pic lang=rust lto=0 scaling=strong style=SINUSOIDAL rep=3
### code=pic lang=rust lto=1 scaling=strong style=SINUSOIDAL rep=3
### code=pic lang=c lto=0 scaling=strong style=LINEAR rep=3
### code=pic lang=c lto=1 scaling=strong style=LINEAR rep=3
### code=pic lang=rust lto=0 scaling=strong style=LINEAR rep=3
### code=pic lang=rust lto=1 scaling=strong style=LINEAR rep=3
### code=pic lang=c lto=0 scaling=strong style=PATCH rep=3
### code=pic lang=c lto=1 scaling=strong style=PATCH rep=3
### code=pic lang=rust lto=0 scaling=strong style=PATCH rep=3
### code=pic lang=rust lto=1 scaling=strong style=PATCH rep=3
### code=pic lang=c lto=0 scaling=strong style=GEOMETRIC rep=4
### code=pic lang=c lto=1 scaling=strong style=GEOMETRIC rep=4
### code=pic lang=rust lto=0 scaling=strong style=GEOMETRIC rep=4
### code=pic lang=rust lto=1 scaling=strong style=GEOMETRIC rep=4
### code=pic lang=c lto=0 scaling=strong style=SINUSOIDAL rep=4
### code=pic lang=c lto=1 scaling=strong style=SINUSOIDAL rep=4
### code=pic lang=rust lto=0 scaling=strong style=SINUSOIDAL rep=4
### code=pic lang=rust lto=1 scaling=strong style=SINUSOIDAL rep=4
### code=pic lang=c lto=0 scaling=strong style=LINEAR rep=4
### code=pic lang=c lto=1 scaling=strong style=LINEAR rep=4
### code=pic lang=rust lto=0 scaling=strong style=LINEAR rep=4
### code=pic lang=rust lto=1 scaling=strong style=LINEAR rep=4
### code=pic lang=c lto=0 scaling=strong style=PATCH rep=4
### code=pic lang=c lto=1 scaling=strong style=PATCH rep=4
### code=pic lang=rust lto=0 scaling=strong style=PATCH rep=4
### code=pic lang=rust lto=1 scaling=strong style=PATCH rep=4
### code=pic lang=c lto=0 scaling=strong style=GEOMETRIC rep=5
### code=pic lang=c lto=1 scaling=strong style=GEOMETRIC rep=5
### code=pic lang=rust lto=0 scaling=strong style=GEOMETRIC rep=5
### code=pic lang=rust lto=1 scaling=strong style=GEOMETRIC rep=5
### code=pic lang=c lto=0 scaling=strong style=SINUSOIDAL rep=5
### code=pic lang=c lto=1 scaling=strong style=SINUSOIDAL rep=5
### code=pic lang=rust lto=0 scaling=strong style=SINUSOIDAL rep=5
### code=pic lang=rust lto=1 scaling=strong style=SINUSOIDAL rep=5
### code=pic lang=c lto=0 scaling=strong style=LINEAR rep=5
### code=pic lang=c lto=1 scaling=strong style=LINEAR rep=5
### code=pic lang=rust lto=0 scaling=strong style=LINEAR rep=5
### code=pic lang=rust lto=1 scaling=strong style=LINEAR rep=5
### code=pic lang=c lto=0 scaling=strong style=PATCH rep=5
### code=pic lang=c lto=1 scaling=strong style=PATCH rep=5
### code=pic lang=rust lto=0 scaling=strong style=PATCH rep=5
### code=pic lang=rust lto=1 scaling=strong style=PATCH rep=5
### code=pic lang=c lto=0 scaling=strong style=GEOMETRIC rep=6
### code=pic lang=c lto=1 scaling=strong style=GEOMETRIC rep=6
### code=pic lang=rust lto=0 scaling=strong style=GEOMETRIC rep=6
### code=pic lang=rust lto=1 scaling=strong style=GEOMETRIC rep=6
### code=pic lang=c lto=0 scaling=strong style=SINUSOIDAL rep=6
### code=pic lang=c lto=1 scaling=strong style=SINUSOIDAL rep=6
### code=pic lang=rust lto=0 scaling=strong style=SINUSOIDAL rep=6
### code=pic lang=rust lto=1 scaling=strong style=SINUSOIDAL rep=6
### code=pic lang=c lto=0 scaling=strong style=LINEAR rep=6
### code=pic lang=c lto=1 scaling=strong style=LINEAR rep=6
### code=pic lang=rust lto=0 scaling=strong style=LINEAR rep=6
### code=pic lang=rust lto=1 scaling=strong style=LINEAR rep=6
### code=pic lang=c lto=0 scaling=strong style=PATCH rep=6
### code=pic lang=c lto=1 scaling=strong style=PATCH rep=6
### code=pic lang=rust lto=0 scaling=strong style=PATCH rep=6
### code=pic lang=rust lto=1 scaling=strong style=PATCH rep=6
### code=pic lang=c lto=0 scaling=strong style=GEOMETRIC rep=7
### code=pic lang=c lto=1 scaling=strong style=GEOMETRIC rep=7
### code=pic lang=rust lto=0 scaling=strong style=GEOMETRIC rep=7
### code=pic lang=rust lto=1 scaling=strong style=GEOMETRIC rep=7
### code=pic lang=c lto=0 scaling=strong style=SINUSOIDAL rep=7
### code=pic lang=c lto=1 scaling=strong style=SINUSOIDAL rep=7
### code=pic lang=rust lto=0 scaling=strong style=SINUSOIDAL rep=7
### code=pic lang=rust lto=1 scaling=strong style=SINUSOIDAL rep=7
### code=pic lang=c lto=0 scaling=strong style=LINEAR rep=7
### code=pic lang=c lto=1 scaling=strong style=LINEAR rep=7
### code=pic lang=rust lto=0 scaling=strong style=LINEAR rep=7
### code=pic lang=rust lto=1 scaling=strong style=LINEAR rep=7
### code=pic lang=c lto=0 scaling=strong style=PATCH rep=7
### code=pic lang=c lto=1 scaling=strong style=PATCH rep=7
### code=pic lang=rust lto=0 scaling=strong style=PATCH rep=7
### code=pic lang=rust lto=1 scaling=strong style=PATCH rep=7
### code=pic lang=c lto=0 scaling=strong style=GEOMETRIC rep=8
### code=pic lang=c lto=1 scaling=strong style=GEOMETRIC rep=8
### code=pic lang=rust lto=0 scaling=strong style=GEOMETRIC rep=8
### code=pic lang=rust lto=1 scaling=strong style=GEOMETRIC rep=8
### code=pic lang=c lto=0 scaling=strong style=SINUSOIDAL rep=8
### code=pic lang=c lto=1 scaling=strong style=SINUSOIDAL rep=8
### code=pic lang=rust lto=0 scaling=strong style=SINUSOIDAL rep=8
### code=pic lang=rust lto=1 scaling=strong style=SINUSOIDAL rep=8
### code=pic lang=c lto=0 scaling=strong style=LINEAR rep=8
### code=pic lang=c lto=1 scaling=strong style=LINEAR rep=8
### code=pic lang=rust lto=0 scaling=strong style=LINEAR rep=8
### code=pic lang=rust lto=1 scaling=strong style=LINEAR rep=8
### code=pic lang=c lto=0 scaling=strong style=PATCH rep=8
### code=pic lang=c lto=1 scaling=strong style=PATCH rep=8
### code=pic lang=rust lto=0 scaling=strong style=PATCH rep=8
### code=pic lang=rust lto=1 scaling=strong style=PATCH rep=8
### code=pic lang=c lto=0 scaling=strong style=GEOMETRIC rep=9
### code=pic lang=c lto=1 scaling=strong style=GEOMETRIC rep=9
### code=pic lang=rust lto=0 scaling=strong style=GEOMETRIC rep=9
### code=pic lang=rust lto=1 scaling=strong style=GEOMETRIC rep=9
### code=pic lang=c lto=0 scaling=strong style=SINUSOIDAL rep=9
### code=pic lang=c lto=1 scaling=strong style=SINUSOIDAL rep=9
### code=pic lang=rust lto=0 scaling=strong style=SINUSOIDAL rep=9
### code=pic lang=rust lto=1 scaling=strong style=SINUSOIDAL rep=9
### code=pic lang=c lto=0 scaling=strong style=LINEAR rep=9
### code=pic lang=c lto=1 scaling=strong style=LINEAR rep=9
### code=pic lang=rust lto=0 scaling=strong style=LINEAR rep=9
### code=pic lang=rust lto=1 scaling=strong style=LINEAR rep=9
### code=pic lang=c lto=0 scaling=strong style=PATCH rep=9
### code=pic lang=c lto=1 scaling=strong style=PATCH rep=9
### code=pic lang=rust lto=0 scaling=strong style=PATCH rep=9
### code=pic lang=rust lto=1 scaling=strong style=PATCH rep=9
### code=pic lang=c lto=0 scaling=weak style=GEOMETRIC rep=0
### code=pic lang=c lto=1 scaling=weak style=GEOMETRIC rep=0
### code=pic lang=rust lto=0 scaling=weak style=GEOMETRIC rep=0
### code=pic lang=rust lto=1 scaling=weak style=GEOMETRIC rep=0
### code=pic lang=c lto=0 scaling=weak style=SINUSOIDAL rep=0
### code=pic lang=c lto=1 scaling=weak style=SINUSOIDAL rep=0
### code=pic lang=rust lto=0 scaling=weak style=SINUSOIDAL rep=0
### code=pic lang=rust lto=1 scaling=weak style=SINUSOIDAL rep=0
### code=pic lang=c lto=0 scaling=weak style=LINEAR rep=0
### code=pic lang=c lto=1 scaling=weak style=LINEAR rep=0
### code=pic lang=rust lto=0 scaling=weak style=LINEAR rep=0
### code=pic lang=rust lto=1 scaling=weak style=LINEAR rep=0
### code=pic lang=c lto=0 scaling=weak style=PATCH rep=0
### code=pic lang=c lto=1 scaling=weak style=PATCH rep=0
### code=pic lang=rust lto=0 scaling=weak style=PATCH rep=0
### code=pic lang=rust lto=1 scaling=weak style=PATCH rep=0
### code=pic lang=c lto=0 scaling=weak style=GEOMETRIC rep=1
### code=pic lang=c lto=1 scaling=weak style=GEOMETRIC rep=1
### code=pic lang=rust lto=0 scaling=weak style=GEOMETRIC rep=1
### code=pic lang=rust lto=1 scaling=weak style=GEOMETRIC rep=1
### code=pic lang=c lto=0 scaling=weak style=SINUSOIDAL rep=1
### code=pic lang=c lto=1 scaling=weak style=SINUSOIDAL rep=1
### code=pic lang=rust lto=0 scaling=weak style=SINUSOIDAL rep=1
### code=pic lang=rust lto=1 scaling=weak style=SINUSOIDAL rep=1
### code=pic lang=c lto=0 scaling=weak style=LINEAR rep=1
### code=pic lang=c lto=1 scaling=weak style=LINEAR rep=1
### code=pic lang=rust lto=0 scaling=weak style=LINEAR rep=1
### code=pic lang=rust lto=1 scaling=weak style=LINEAR rep=1
### code=pic lang=c lto=0 scaling=weak style=PATCH rep=1
### code=pic lang=c lto=1 scaling=weak style=PATCH rep=1
### code=pic lang=rust lto=0 scaling=weak style=PATCH rep=1
### code=pic lang=rust lto=1 scaling=weak style=PATCH rep=1
### code=pic lang=c lto=0 scaling=weak style=GEOMETRIC rep=2
### code=pic lang=c lto=1 scaling=weak style=GEOMETRIC rep=2
### code=pic lang=rust lto=0 scaling=weak style=GEOMETRIC rep=2
### code=pic lang=rust lto=1 scaling=weak style=GEOMETRIC rep=2
### code=pic lang=c lto=0 scaling=weak style=SINUSOIDAL rep=2
### code=pic lang=c lto=1 scaling=weak style=SINUSOIDAL rep=2
### code=pic lang=rust lto=0 scaling=weak style=SINUSOIDAL rep=2
### code=pic lang=rust lto=1 scaling=weak style=SINUSOIDAL rep=2
### code=pic lang=c lto=0 scaling=weak style=LINEAR rep=2
### code=pic lang=c lto=1 scaling=weak style=LINEAR rep=2
### code=pic lang=rust lto=0 scaling=weak style=LINEAR rep=2
### code=pic lang=rust lto=1 scaling=weak style=LINEAR rep=2
### code=pic lang=c lto=0 scaling=weak style=PATCH rep=2
### code=pic lang=c lto=1 scaling=weak style=PATCH rep=2
### code=pic lang=rust lto=0 scaling=weak style=PATCH rep=2
### code=pic lang=rust lto=1 scaling=weak style=PATCH rep=2
### code=pic lang=c lto=0 scaling=weak style=GEOMETRIC rep=3
### code=pic lang=c lto=1 scaling=weak style=GEOMETRIC rep=3
### code=pic lang=rust lto=0 scaling=weak style=GEOMETRIC rep=3
### code=pic lang=rust lto=1 scaling=weak style=GEOMETRIC rep=3
### code=pic lang=c lto=0 scaling=weak style=SINUSOIDAL rep=3
### code=pic lang=c lto=1 scaling=weak style=SINUSOIDAL rep=3
### code=pic lang=rust lto=0 scaling=weak style=SINUSOIDAL rep=3
### code=pic lang=rust lto=1 scaling=weak style=SINUSOIDAL rep=3
### code=pic lang=c lto=0 scaling=weak style=LINEAR rep=3
### code=pic lang=c lto=1 scaling=weak style=LINEAR rep=3
### code=pic lang=rust lto=0 scaling=weak style=LINEAR rep=3
### code=pic lang=rust lto=1 scaling=weak style=LINEAR rep=3
### code=pic lang=c lto=0 scaling=weak style=PATCH rep=3
### code=pic lang=c lto=1 scaling=weak style=PATCH rep=3
### code=pic lang=rust lto=0 scaling=weak style=PATCH rep=3
### code=pic lang=rust lto=1 scaling=weak style=PATCH rep=3
### code=pic lang=c lto=0 scaling=weak style=GEOMETRIC rep=4
### code=pic lang=c lto=1 scaling=weak style=GEOMETRIC rep=4
### code=pic lang=rust lto=0 scaling=weak style=GEOMETRIC rep=4
### code=pic lang=rust lto=1 scaling=weak style=GEOMETRIC rep=4
### code=pic lang=c lto=0 scaling=weak style=SINUSOIDAL rep=4
### code=pic lang=c lto=1 scaling=weak style=SINUSOIDAL rep=4
### code=pic lang=rust lto=0 scaling=weak style=SINUSOIDAL rep=4
### code=pic lang=rust lto=1 scaling=weak style=SINUSOIDAL rep=4
### code=pic lang=c lto=0 scaling=weak style=LINEAR rep=4
### code=pic lang=c lto=1 scaling=weak style=LINEAR rep=4
### code=pic lang=rust lto=0 scaling=weak style=LINEAR rep=4
### code=pic lang=rust lto=1 scaling=weak style=LINEAR rep=4
### code=pic lang=c lto=0 scaling=weak style=PATCH rep=4
### code=pic lang=c lto=1 scaling=weak style=PATCH rep=4
### code=pic lang=rust lto=0 scaling=weak style=PATCH rep=4
### code=pic lang=rust lto=1 scaling=weak style=PATCH rep=4
### code=pic lang=c lto=0 scaling=weak style=GEOMETRIC rep=5
### code=pic lang=c lto=1 scaling=weak style=GEOMETRIC rep=5
### code=pic lang=rust lto=0 scaling=weak style=GEOMETRIC rep=5
### code=pic lang=rust lto=1 scaling=weak style=GEOMETRIC rep=5
### code=pic lang=c lto=0 scaling=weak style=SINUSOIDAL rep=5
### code=pic lang=c lto=1 scaling=weak style=SINUSOIDAL rep=5
### code=pic lang=rust lto=0 scaling=weak style=SINUSOIDAL rep=5
### code=pic lang=rust lto=1 scaling=weak style=SINUSOIDAL rep=5
### code=pic lang=c lto=0 scaling=weak style=LINEAR rep=5
### code=pic lang=c lto=1 scaling=weak style=LINEAR rep=5
### code=pic lang=rust lto=0 scaling=weak style=LINEAR rep=5
### code=pic lang=rust lto=1 scaling=weak style=LINEAR rep=5
### code=pic lang=c lto=0 scaling=weak style=PATCH rep=5
### code=pic lang=c lto=1 scaling=weak style=PATCH rep=5
### code=pic lang=rust lto=0 scaling=weak style=PATCH rep=5
### code=pic lang=rust lto=1 scaling=weak style=PATCH rep=5
### code=pic lang=c lto=0 scaling=weak style=GEOMETRIC rep=6
### code=pic lang=c lto=1 scaling=weak style=GEOMETRIC rep=6
### code=pic lang=rust lto=0 scaling=weak style=GEOMETRIC rep=6
### code=pic lang=rust lto=1 scaling=weak style=GEOMETRIC rep=6
### code=pic lang=c lto=0 scaling=weak style=SINUSOIDAL rep=6
### code=pic lang=c lto=1 scaling=weak style=SINUSOIDAL rep=6
### code=pic lang=rust lto=0 scaling=weak style=SINUSOIDAL rep=6
### code=pic lang=rust lto=1 scaling=weak style=SINUSOIDAL rep=6
### code=pic lang=c lto=0 scaling=weak style=LINEAR rep=6
### code=pic lang=c lto=1 scaling=weak style=LINEAR rep=6
### code=pic lang=rust lto=0 scaling=weak style=LINEAR rep=6
### code=pic lang=rust lto=1 scaling=weak style=LINEAR rep=6
### code=pic lang=c lto=0 scaling=weak style=PATCH rep=6
### code=pic lang=c lto=1 scaling=weak style=PATCH rep=6
### code=pic lang=rust lto=0 scaling=weak style=PATCH rep=6
### code=pic lang=rust lto=1 scaling=weak style=PATCH rep=6
### code=pic lang=c lto=0 scaling=weak style=GEOMETRIC rep=7
### code=pic lang=c lto=1 scaling=weak style=GEOMETRIC rep=7
### code=pic lang=rust lto=0 scaling=weak style=GEOMETRIC rep=7
### code=pic lang=rust lto=1 scaling=weak style=GEOMETRIC rep=7
### code=pic lang=c lto=0 scaling=weak style=SINUSOIDAL rep=7
### code=pic lang=c lto=1 scaling=weak style=SINUSOIDAL rep=7
### code=pic lang=rust lto=0 scaling=weak style=SINUSOIDAL rep=7
### code=pic lang=rust lto=1 scaling=weak style=SINUSOIDAL rep=7
### code=pic lang=c lto=0 scaling=weak style=LINEAR rep=7
### code=pic lang=c lto=1 scaling=weak style=LINEAR rep=7
### code=pic lang=rust lto=0 scaling=weak style=LINEAR rep=7
### code=pic lang=rust lto=1 scaling=weak style=LINEAR rep=7
### code=pic lang=c lto=0 scaling=weak style=PATCH rep=7
### code=pic lang=c lto=1 scaling=weak style=PATCH rep=7
### code=pic lang=rust lto=0 scaling=weak style=PATCH rep=7
### code=pic lang=rust lto=1 scaling=weak style=PATCH rep=7
### code=pic lang=c lto=0 scaling=weak style=GEOMETRIC rep=8
### code=pic lang=c lto=1 scaling=weak style=GEOMETRIC rep=8
### code=pic lang=rust lto=0 scaling=weak style=GEOMETRIC rep=8
### code=pic lang=rust lto=1 scaling=weak style=GEOMETRIC rep=8
### code=pic lang=c lto=0 scaling=weak style=SINUSOIDAL rep=8
### code=pic lang=c lto=1 scaling=weak style=SINUSOIDAL rep=8
### code=pic lang=rust lto=0 scaling=weak style=SINUSOIDAL rep=8
### code=pic lang=rust lto=1 scaling=weak style=SINUSOIDAL rep=8
### code=pic lang=c lto=0 scaling=weak style=LINEAR rep=8
### code=pic lang=c lto=1 scaling=weak style=LINEAR rep=8
### code=pic lang=rust lto=0 scaling=weak style=LINEAR rep=8
### code=pic lang=rust lto=1 scaling=weak style=LINEAR rep=8
### code=pic lang=c lto=0 scaling=weak style=PATCH rep=8
### code=pic lang=c lto=1 scaling=weak style=PATCH rep=8
### code=pic lang=rust lto=0 scaling=weak style=PATCH rep=8
### code=pic lang=rust lto=1 scaling=weak style=PATCH rep=8
### code=pic lang=c lto=0 scaling=weak style=GEOMETRIC rep=9
### code=pic lang=c lto=1 scaling=weak style=GEOMETRIC rep=9
### code=pic lang=rust lto=0 scaling=weak style=GEOMETRIC rep=9
### code=pic lang=rust lto=1 scaling=weak style=GEOMETRIC rep=9
### code=pic lang=c lto=0 scaling=weak style=SINUSOIDAL rep=9
### code=pic lang=c lto=1 scaling=weak style=SINUSOIDAL rep=9
### code=pic lang=rust lto=0 scaling=weak style=SINUSOIDAL rep=9
### code=pic lang=rust lto=1 scaling=weak style=SINUSOIDAL rep=9
### code=pic lang=c lto=0 scaling=weak style=LINEAR rep=9
### code=pic lang=c lto=1 scaling=weak style=LINEAR rep=9
### code=pic lang=rust lto=0 scaling=weak style=LINEAR rep=9
### code=pic lang=rust lto=1 scaling=weak style=LINEAR rep=9
### code=pic lang=c lto=0 scaling=weak style=PATCH rep=9
### code=pic lang=c lto=1 scaling=weak style=PATCH rep=9
### code=pic lang=rust lto=0 scaling=weak style=PATCH rep=9
### code=pic lang=rust lto=1 scaling=weak style=PATCH rep=9
### code=solctra lang=c lto=0 scaling=strong style=NA rep=0
### code=solctra lang=c lto=1 scaling=strong style=NA rep=0
### code=solctra lang=rust lto=0 scaling=strong style=NA rep=0
[2026-09-08T01:34:16Z INFO  bs_solctra_rs] Starting BS-Solctra
[2026-09-08T01:34:16Z INFO  bs_solctra_rs] Total ranks: 4
[2026-09-08T01:34:16Z INFO  bs_solctra_rs::utils] Creating path: results_rs61203800
[2026-09-08T01:34:16Z INFO  bs_solctra_rs] Reading particles from file input_big.csv
[2026-09-08T01:34:16Z INFO  bs_solctra_rs] Reading coil data from directory: resources-rs/
[2026-09-08T01:34:16Z INFO  bs_solctra_rs] Computing displacements
[2026-09-08T01:34:16Z INFO  bs_solctra_rs] Computing e_roof
[2026-09-08T01:34:16Z INFO  bs_solctra_rs] Computing simulation
[2026-09-08T01:36:16Z INFO  bs_solctra_rs] Finished simulation
[2026-09-08T01:36:16Z INFO  bs_solctra_rs] Simulation time: 120.15721440315247
### code=solctra lang=rust lto=1 scaling=strong style=NA rep=0
[2026-09-08T01:36:16Z INFO  bs_solctra_rs] Starting BS-Solctra
[2026-09-08T01:36:16Z INFO  bs_solctra_rs] Total ranks: 4
[2026-09-08T01:36:16Z INFO  bs_solctra_rs::utils] Creating path: results_rs61203810
[2026-09-08T01:36:16Z INFO  bs_solctra_rs] Reading particles from file input_big.csv
[2026-09-08T01:36:16Z INFO  bs_solctra_rs] Reading coil data from directory: resources-rs/
[2026-09-08T01:36:16Z INFO  bs_solctra_rs] Computing displacements
[2026-09-08T01:36:16Z INFO  bs_solctra_rs] Computing e_roof
[2026-09-08T01:36:16Z INFO  bs_solctra_rs] Computing simulation
[2026-09-08T01:38:16Z INFO  bs_solctra_rs] Finished simulation
[2026-09-08T01:38:16Z INFO  bs_solctra_rs] Simulation time: 119.87326693534851
### code=solctra lang=c lto=0 scaling=strong style=NA rep=1
### code=solctra lang=c lto=1 scaling=strong style=NA rep=1
### code=solctra lang=rust lto=0 scaling=strong style=NA rep=1
[2026-09-08T01:42:18Z INFO  bs_solctra_rs] Starting BS-Solctra
[2026-09-08T01:42:18Z INFO  bs_solctra_rs] Total ranks: 4
[2026-09-08T01:42:18Z INFO  bs_solctra_rs::utils] Creating path: results_rs61203801
[2026-09-08T01:42:18Z INFO  bs_solctra_rs] Reading particles from file input_big.csv
[2026-09-08T01:42:18Z INFO  bs_solctra_rs] Reading coil data from directory: resources-rs/
[2026-09-08T01:42:18Z INFO  bs_solctra_rs] Computing displacements
[2026-09-08T01:42:18Z INFO  bs_solctra_rs] Computing e_roof
[2026-09-08T01:42:18Z INFO  bs_solctra_rs] Computing simulation
[2026-09-08T01:44:18Z INFO  bs_solctra_rs] Finished simulation
[2026-09-08T01:44:18Z INFO  bs_solctra_rs] Simulation time: 120.08422327041626
### code=solctra lang=rust lto=1 scaling=strong style=NA rep=1
[2026-09-08T01:44:19Z INFO  bs_solctra_rs] Starting BS-Solctra
[2026-09-08T01:44:19Z INFO  bs_solctra_rs] Total ranks: 4
[2026-09-08T01:44:19Z INFO  bs_solctra_rs::utils] Creating path: results_rs61203811
[2026-09-08T01:44:19Z INFO  bs_solctra_rs] Reading particles from file input_big.csv
[2026-09-08T01:44:19Z INFO  bs_solctra_rs] Reading coil data from directory: resources-rs/
[2026-09-08T01:44:19Z INFO  bs_solctra_rs] Computing displacements
[2026-09-08T01:44:19Z INFO  bs_solctra_rs] Computing e_roof
[2026-09-08T01:44:19Z INFO  bs_solctra_rs] Computing simulation
[2026-09-08T01:46:18Z INFO  bs_solctra_rs] Finished simulation
[2026-09-08T01:46:18Z INFO  bs_solctra_rs] Simulation time: 119.79921388626099
### code=solctra lang=c lto=0 scaling=strong style=NA rep=2
### code=solctra lang=c lto=1 scaling=strong style=NA rep=2
### code=solctra lang=rust lto=0 scaling=strong style=NA rep=2
[2026-09-08T01:50:20Z INFO  bs_solctra_rs] Starting BS-Solctra
[2026-09-08T01:50:20Z INFO  bs_solctra_rs] Total ranks: 4
[2026-09-08T01:50:20Z INFO  bs_solctra_rs::utils] Creating path: results_rs61203802
[2026-09-08T01:50:20Z INFO  bs_solctra_rs] Reading particles from file input_big.csv
[2026-09-08T01:50:20Z INFO  bs_solctra_rs] Reading coil data from directory: resources-rs/
[2026-09-08T01:50:20Z INFO  bs_solctra_rs] Computing displacements
[2026-09-08T01:50:20Z INFO  bs_solctra_rs] Computing e_roof
[2026-09-08T01:50:20Z INFO  bs_solctra_rs] Computing simulation
[2026-09-08T01:52:21Z INFO  bs_solctra_rs] Finished simulation
[2026-09-08T01:52:21Z INFO  bs_solctra_rs] Simulation time: 120.46316337585449
### code=solctra lang=rust lto=1 scaling=strong style=NA rep=2
[2026-09-08T01:52:21Z INFO  bs_solctra_rs] Starting BS-Solctra
[2026-09-08T01:52:21Z INFO  bs_solctra_rs] Total ranks: 4
[2026-09-08T01:52:21Z INFO  bs_solctra_rs::utils] Creating path: results_rs61203812
[2026-09-08T01:52:21Z INFO  bs_solctra_rs] Reading particles from file input_big.csv
[2026-09-08T01:52:21Z INFO  bs_solctra_rs] Reading coil data from directory: resources-rs/
[2026-09-08T01:52:21Z INFO  bs_solctra_rs] Computing displacements
[2026-09-08T01:52:21Z INFO  bs_solctra_rs] Computing e_roof
[2026-09-08T01:52:21Z INFO  bs_solctra_rs] Computing simulation
[2026-09-08T01:54:21Z INFO  bs_solctra_rs] Finished simulation
[2026-09-08T01:54:21Z INFO  bs_solctra_rs] Simulation time: 119.84560179710388
### code=solctra lang=c lto=0 scaling=strong style=NA rep=3
### code=solctra lang=c lto=1 scaling=strong style=NA rep=3
### code=solctra lang=rust lto=0 scaling=strong style=NA rep=3
[2026-09-08T01:58:24Z INFO  bs_solctra_rs] Starting BS-Solctra
[2026-09-08T01:58:24Z INFO  bs_solctra_rs] Total ranks: 4
[2026-09-08T01:58:24Z INFO  bs_solctra_rs::utils] Creating path: results_rs61203803
[2026-09-08T01:58:24Z INFO  bs_solctra_rs] Reading particles from file input_big.csv
[2026-09-08T01:58:24Z INFO  bs_solctra_rs] Reading coil data from directory: resources-rs/
[2026-09-08T01:58:24Z INFO  bs_solctra_rs] Computing displacements
[2026-09-08T01:58:24Z INFO  bs_solctra_rs] Computing e_roof
[2026-09-08T01:58:24Z INFO  bs_solctra_rs] Computing simulation
[2026-09-08T02:00:24Z INFO  bs_solctra_rs] Finished simulation
[2026-09-08T02:00:24Z INFO  bs_solctra_rs] Simulation time: 120.42224383354187
### code=solctra lang=rust lto=1 scaling=strong style=NA rep=3
[2026-09-08T02:00:24Z INFO  bs_solctra_rs] Starting BS-Solctra
[2026-09-08T02:00:24Z INFO  bs_solctra_rs] Total ranks: 4
[2026-09-08T02:00:24Z INFO  bs_solctra_rs::utils] Creating path: results_rs61203813
[2026-09-08T02:00:24Z INFO  bs_solctra_rs] Reading particles from file input_big.csv
[2026-09-08T02:00:24Z INFO  bs_solctra_rs] Reading coil data from directory: resources-rs/
[2026-09-08T02:00:24Z INFO  bs_solctra_rs] Computing displacements
[2026-09-08T02:00:24Z INFO  bs_solctra_rs] Computing e_roof
[2026-09-08T02:00:24Z INFO  bs_solctra_rs] Computing simulation
[2026-09-08T02:02:24Z INFO  bs_solctra_rs] Finished simulation
[2026-09-08T02:02:24Z INFO  bs_solctra_rs] Simulation time: 119.76876258850098
### code=solctra lang=c lto=0 scaling=strong style=NA rep=4
### code=solctra lang=c lto=1 scaling=strong style=NA rep=4
### code=solctra lang=rust lto=0 scaling=strong style=NA rep=4
[2026-09-08T02:06:26Z INFO  bs_solctra_rs] Starting BS-Solctra
[2026-09-08T02:06:26Z INFO  bs_solctra_rs] Total ranks: 4
[2026-09-08T02:06:26Z INFO  bs_solctra_rs::utils] Creating path: results_rs61203804
[2026-09-08T02:06:26Z INFO  bs_solctra_rs] Reading particles from file input_big.csv
[2026-09-08T02:06:26Z INFO  bs_solctra_rs] Reading coil data from directory: resources-rs/
[2026-09-08T02:06:26Z INFO  bs_solctra_rs] Computing displacements
[2026-09-08T02:06:26Z INFO  bs_solctra_rs] Computing e_roof
[2026-09-08T02:06:26Z INFO  bs_solctra_rs] Computing simulation
[2026-09-08T02:08:26Z INFO  bs_solctra_rs] Finished simulation
[2026-09-08T02:08:26Z INFO  bs_solctra_rs] Simulation time: 120.05963158607483
### code=solctra lang=rust lto=1 scaling=strong style=NA rep=4
[2026-09-08T02:08:27Z INFO  bs_solctra_rs] Starting BS-Solctra
[2026-09-08T02:08:27Z INFO  bs_solctra_rs] Total ranks: 4
[2026-09-08T02:08:27Z INFO  bs_solctra_rs::utils] Creating path: results_rs61203814
[2026-09-08T02:08:27Z INFO  bs_solctra_rs] Reading particles from file input_big.csv
[2026-09-08T02:08:27Z INFO  bs_solctra_rs] Reading coil data from directory: resources-rs/
[2026-09-08T02:08:27Z INFO  bs_solctra_rs] Computing displacements
[2026-09-08T02:08:27Z INFO  bs_solctra_rs] Computing e_roof
[2026-09-08T02:08:27Z INFO  bs_solctra_rs] Computing simulation
[2026-09-08T02:10:27Z INFO  bs_solctra_rs] Finished simulation
[2026-09-08T02:10:27Z INFO  bs_solctra_rs] Simulation time: 119.75172686576843
### end=2026-09-07T20:10:27-06:00
